nftset=/1top.club/4#inet#fw4#vpn_domains
nftset=/2kiski.cc/4#inet#fw4#vpn_domains
nftset=/batsa.pro/4#inet#fw4#vpn_domains
nftset=/bigboss.video/4#inet#fw4#vpn_domains
nftset=/ebalka.tv/4#inet#fw4#vpn_domains
nftset=/ebun.tv/4#inet#fw4#vpn_domains
nftset=/eroticlab.org/4#inet#fw4#vpn_domains
nftset=/faporn.pro/4#inet#fw4#vpn_domains
nftset=/jopaonline.mobi/4#inet#fw4#vpn_domains
nftset=/lenporno.net/4#inet#fw4#vpn_domains
nftset=/mult-porno.vip/4#inet#fw4#vpn_domains
nftset=/porno365.plus/4#inet#fw4#vpn_domains
nftset=/porno365.sexy/4#inet#fw4#vpn_domains
nftset=/porno666.link/4#inet#fw4#vpn_domains
nftset=/pornorus.name/4#inet#fw4#vpn_domains
nftset=/rusporn.porn/4#inet#fw4#vpn_domains
nftset=/rusvideos.net/4#inet#fw4#vpn_domains
nftset=/seksoeb.com/4#inet#fw4#vpn_domains
nftset=/sex-studentki.live/4#inet#fw4#vpn_domains
nftset=/sslkn.porn/4#inet#fw4#vpn_domains
nftset=/rusoska.com/4#inet#fw4#vpn_domains
nftset=/trahkino.me/4#inet#fw4#vpn_domains
nftset=/yaeby.art/4#inet#fw4#vpn_domains
nftset=/yaeby.pro/4#inet#fw4#vpn_domains
