nftset=/rr1---sn-hpa7znz6.googlevideo.com/4#inet#fw4#vpn_domains
nftset=/rr1---sn-hpa7znz6.googlevideo.com/4#inet#fw4#vpn_domains
nftset=/rr2---sn-hpa7znz6.googlevideo.com/4#inet#fw4#vpn_domains
nftset=/rr3---sn-hpa7znz6.googlevideo.com/4#inet#fw4#vpn_domains
nftset=/rr4---sn-hpa7znz6.googlevideo.com/4#inet#fw4#vpn_domains
nftset=/rr5---sn-hpa7znz6.googlevideo.com/4#inet#fw4#vpn_domains
nftset=/rr1---sn-c0q7lnse.googlevideo.com/4#inet#fw4#vpn_domains
nftset=/rr2---sn-c0q7lnse.googlevideo.com/4#inet#fw4#vpn_domains
nftset=/rr3---sn-c0q7lnse.googlevideo.com/4#inet#fw4#vpn_domains
nftset=/rr4---sn-c0q7lnse.googlevideo.com/4#inet#fw4#vpn_domains
nftset=/rr5---sn-c0q7lnse.googlevideo.com/4#inet#fw4#vpn_domains
nftset=/rr1---sn-gvnuxaxjvh-3ggl.googlevideo.com/4#inet#fw4#vpn_domains
nftset=/rr2---sn-gvnuxaxjvh-3ggl.googlevideo.com/4#inet#fw4#vpn_domains
nftset=/rr3---sn-gvnuxaxjvh-3ggl.googlevideo.com/4#inet#fw4#vpn_domains
nftset=/rr4---sn-gvnuxaxjvh-3ggl.googlevideo.com/4#inet#fw4#vpn_domains
nftset=/rr5---sn-gvnuxaxjvh-3ggl.googlevideo.com/4#inet#fw4#vpn_domains
nftset=/rr6---sn-gvnuxaxjvh-3ggl.googlevideo.com/4#inet#fw4#vpn_domains
nftset=/rr7---sn-gvnuxaxjvh-3ggl.googlevideo.com/4#inet#fw4#vpn_domains
nftset=/rr8---sn-gvnuxaxjvh-3ggl.googlevideo.com/4#inet#fw4#vpn_domains
nftset=/rr1---sn-hpa7kn7d.googlevideo.com/4#inet#fw4#vpn_domains
nftset=/rr2---sn-hpa7kn7d.googlevideo.com/4#inet#fw4#vpn_domains
nftset=/rr3---sn-hpa7kn7d.googlevideo.com/4#inet#fw4#vpn_domains
nftset=/rr4---sn-hpa7kn7d.googlevideo.com/4#inet#fw4#vpn_domains
nftset=/rr5---sn-hpa7kn7d.googlevideo.com/4#inet#fw4#vpn_domains
nftset=/rr1---sn-hpa7znzr.googlevideo.com/4#inet#fw4#vpn_domains
nftset=/rr2---sn-hpa7znzr.googlevideo.com/4#inet#fw4#vpn_domains
nftset=/rr3---sn-hpa7znzr.googlevideo.com/4#inet#fw4#vpn_domains
nftset=/rr4---sn-hpa7znzr.googlevideo.com/4#inet#fw4#vpn_domains
nftset=/rr5---sn-hpa7znzr.googlevideo.com/4#inet#fw4#vpn_domains
nftset=/rr1---sn-c0q7lns7.googlevideo.com/4#inet#fw4#vpn_domains
nftset=/rr2---sn-c0q7lns7.googlevideo.com/4#inet#fw4#vpn_domains
nftset=/rr3---sn-c0q7lns7.googlevideo.com/4#inet#fw4#vpn_domains
nftset=/rr4---sn-c0q7lns7.googlevideo.com/4#inet#fw4#vpn_domains
nftset=/rr5---sn-c0q7lns7.googlevideo.com/4#inet#fw4#vpn_domains
nftset=/rr1---sn-hpa7kn7d.googlevideo.com/4#inet#fw4#vpn_domains
nftset=/rr2---sn-hpa7kn7d.googlevideo.com/4#inet#fw4#vpn_domains
nftset=/rr3---sn-hpa7kn7d.googlevideo.com/4#inet#fw4#vpn_domains
nftset=/rr4---sn-hpa7kn7d.googlevideo.com/4#inet#fw4#vpn_domains
nftset=/rr5---sn-hpa7kn7d.googlevideo.com/4#inet#fw4#vpn_domains
nftset=/rr1---sn-hpa7zn66.googlevideo.com/4#inet#fw4#vpn_domains
nftset=/rr2---sn-hpa7zn66.googlevideo.com/4#inet#fw4#vpn_domains
nftset=/rr3---sn-hpa7zn66.googlevideo.com/4#inet#fw4#vpn_domains
nftset=/rr4---sn-hpa7zn66.googlevideo.com/4#inet#fw4#vpn_domains
nftset=/rr5---sn-hpa7zn66.googlevideo.com/4#inet#fw4#vpn_domains
nftset=/rr1---sn-hpa7zn6s.googlevideo.com/4#inet#fw4#vpn_domains
nftset=/rr2---sn-hpa7zn6s.googlevideo.com/4#inet#fw4#vpn_domains
nftset=/rr3---sn-hpa7zn6s.googlevideo.com/4#inet#fw4#vpn_domains
nftset=/rr4---sn-hpa7zn6s.googlevideo.com/4#inet#fw4#vpn_domains
nftset=/rr5---sn-hpa7zn6s.googlevideo.com/4#inet#fw4#vpn_domains
nftset=/rr1---sn-hgn7rn7y.googlevideo.com/4#inet#fw4#vpn_domains
nftset=/rr2---sn-hgn7rn7y.googlevideo.com/4#inet#fw4#vpn_domains
nftset=/rr3---sn-hgn7rn7y.googlevideo.com/4#inet#fw4#vpn_domains
nftset=/rr4---sn-hgn7rn7y.googlevideo.com/4#inet#fw4#vpn_domains
nftset=/rr5---sn-hgn7rn7y.googlevideo.com/4#inet#fw4#vpn_domains
nftset=/rr1---sn-5hne6n6l.googlevideo.com/4#inet#fw4#vpn_domains
nftset=/rr2---sn-5hne6n6l.googlevideo.com/4#inet#fw4#vpn_domains
nftset=/rr3---sn-5hne6n6l.googlevideo.com/4#inet#fw4#vpn_domains
nftset=/rr4---sn-5hne6n6l.googlevideo.com/4#inet#fw4#vpn_domains
nftset=/rr5---sn-5hne6n6l.googlevideo.com/4#inet#fw4#vpn_domains
nftset=/rr1---sn-5hne6nsy.googlevideo.com/4#inet#fw4#vpn_domains
nftset=/rr2---sn-5hne6nsy.googlevideo.com/4#inet#fw4#vpn_domains
nftset=/rr3---sn-5hne6nsy.googlevideo.com/4#inet#fw4#vpn_domains
nftset=/rr4---sn-5hne6nsy.googlevideo.com/4#inet#fw4#vpn_domains
nftset=/rr5---sn-5hne6nsy.googlevideo.com/4#inet#fw4#vpn_domains
nftset=/rr1---sn-hpa7znzy.googlevideo.com/4#inet#fw4#vpn_domains
nftset=/rr2---sn-hpa7znzy.googlevideo.com/4#inet#fw4#vpn_domains
nftset=/rr3---sn-hpa7znzy.googlevideo.com/4#inet#fw4#vpn_domains
nftset=/rr4---sn-hpa7znzy.googlevideo.com/4#inet#fw4#vpn_domains
nftset=/rr5---sn-hpa7znzy.googlevideo.com/4#inet#fw4#vpn_domains
nftset=/rr1---sn-ntq7yney.googlevideo.com/4#inet#fw4#vpn_domains
nftset=/rr2---sn-ntq7yney.googlevideo.com/4#inet#fw4#vpn_domains
nftset=/rr3---sn-ntq7yney.googlevideo.com/4#inet#fw4#vpn_domains
nftset=/rr4---sn-ntq7yney.googlevideo.com/4#inet#fw4#vpn_domains
nftset=/rr5---sn-ntq7yney.googlevideo.com/4#inet#fw4#vpn_domains
nftset=/rr1---sn-q4fl6nds.googlevideo.com/4#inet#fw4#vpn_domains
nftset=/rr2---sn-q4fl6nds.googlevideo.com/4#inet#fw4#vpn_domains
nftset=/rr3---sn-q4fl6nds.googlevideo.com/4#inet#fw4#vpn_domains
nftset=/rr4---sn-q4fl6nds.googlevideo.com/4#inet#fw4#vpn_domains
nftset=/rr5---sn-q4fl6nds.googlevideo.com/4#inet#fw4#vpn_domains
nftset=/rr1---sn-nv47znee.googlevideo.com/4#inet#fw4#vpn_domains
nftset=/rr2---sn-nv47znee.googlevideo.com/4#inet#fw4#vpn_domains
nftset=/rr3---sn-nv47znee.googlevideo.com/4#inet#fw4#vpn_domains
nftset=/rr4---sn-nv47znee.googlevideo.com/4#inet#fw4#vpn_domains
nftset=/rr5---sn-nv47znee.googlevideo.com/4#inet#fw4#vpn_domains
nftset=/rr1---sn-c0q7lnse.googlevideo.com/4#inet#fw4#vpn_domains
nftset=/rr2---sn-c0q7lnse.googlevideo.com/4#inet#fw4#vpn_domains
nftset=/rr3---sn-c0q7lnse.googlevideo.com/4#inet#fw4#vpn_domains
nftset=/rr4---sn-c0q7lnse.googlevideo.com/4#inet#fw4#vpn_domains
nftset=/rr5---sn-c0q7lnse.googlevideo.com/4#inet#fw4#vpn_domains
nftset=/rr5---sn-q4flrnss.googlevideo.com/4#inet#fw4#vpn_domains
nftset=/rr1---sn-n8v7knez.googlevideo.com/4#inet#fw4#vpn_domains
nftset=/rr2---sn-n8v7knez.googlevideo.com/4#inet#fw4#vpn_domains
nftset=/rr3---sn-n8v7knez.googlevideo.com/4#inet#fw4#vpn_domains
nftset=/rr4---sn-n8v7knez.googlevideo.com/4#inet#fw4#vpn_domains
nftset=/rr5---sn-n8v7knez.googlevideo.com/4#inet#fw4#vpn_domains
nftset=/rr6---sn-n8v7knez.googlevideo.com/4#inet#fw4#vpn_domains
nftset=/rr7---sn-n8v7knez.googlevideo.com/4#inet#fw4#vpn_domains
nftset=/rr8---sn-n8v7knez.googlevideo.com/4#inet#fw4#vpn_domains
nftset=/rr9---sn-n8v7knez.googlevideo.com/4#inet#fw4#vpn_domains
nftset=/rr10---sn-n8v7knez.googlevideo.com/4#inet#fw4#vpn_domains
nftset=/rr11---sn-n8v7knez.googlevideo.com/4#inet#fw4#vpn_domains
nftset=/rr12---sn-n8v7knez.googlevideo.com/4#inet#fw4#vpn_domains
nftset=/rr13---sn-n8v7knez.googlevideo.com/4#inet#fw4#vpn_domains
nftset=/rr14---sn-n8v7knez.googlevideo.com/4#inet#fw4#vpn_domains
nftset=/rr15---sn-n8v7knez.googlevideo.com/4#inet#fw4#vpn_domains
nftset=/rr16---sn-n8v7knez.googlevideo.com/4#inet#fw4#vpn_domains
nftset=/rr17---sn-n8v7knez.googlevideo.com/4#inet#fw4#vpn_domains
nftset=/rr18---sn-n8v7knez.googlevideo.com/4#inet#fw4#vpn_domains
nftset=/rr1---sn-n8v7kne7.googlevideo.com/4#inet#fw4#vpn_domains
nftset=/rr2---sn-n8v7kne7.googlevideo.com/4#inet#fw4#vpn_domains
nftset=/rr3---sn-n8v7kne7.googlevideo.com/4#inet#fw4#vpn_domains
nftset=/rr4---sn-n8v7kne7.googlevideo.com/4#inet#fw4#vpn_domains
nftset=/rr5---sn-n8v7kne7.googlevideo.com/4#inet#fw4#vpn_domains
nftset=/rr6---sn-n8v7kne7.googlevideo.com/4#inet#fw4#vpn_domains
nftset=/rr7---sn-n8v7kne7.googlevideo.com/4#inet#fw4#vpn_domains
nftset=/rr8---sn-n8v7kne7.googlevideo.com/4#inet#fw4#vpn_domains
nftset=/rr9---sn-n8v7kne7.googlevideo.com/4#inet#fw4#vpn_domains
nftset=/rr10---sn-n8v7kne7.googlevideo.com/4#inet#fw4#vpn_domains
nftset=/rr11---sn-n8v7kne7.googlevideo.com/4#inet#fw4#vpn_domains
nftset=/rr12---sn-n8v7kne7.googlevideo.com/4#inet#fw4#vpn_domains
nftset=/rr13---sn-n8v7kne7.googlevideo.com/4#inet#fw4#vpn_domains
nftset=/rr14---sn-n8v7kne7.googlevideo.com/4#inet#fw4#vpn_domains
nftset=/rr15---sn-n8v7kne7.googlevideo.com/4#inet#fw4#vpn_domains
nftset=/rr16---sn-n8v7kne7.googlevideo.com/4#inet#fw4#vpn_domains
nftset=/rr17---sn-n8v7kne7.googlevideo.com/4#inet#fw4#vpn_domains
nftset=/rr18---sn-n8v7kne7.googlevideo.com/4#inet#fw4#vpn_domains
nftset=/rr1---sn-hpa7kn76.googlevideo.com/4#inet#fw4#vpn_domains
nftset=/rr2---sn-hpa7kn76.googlevideo.com/4#inet#fw4#vpn_domains
nftset=/rr3---sn-hpa7kn76.googlevideo.com/4#inet#fw4#vpn_domains
nftset=/rr4---sn-hpa7kn76.googlevideo.com/4#inet#fw4#vpn_domains
nftset=/rr5---sn-hpa7kn76.googlevideo.com/4#inet#fw4#vpn_domains
nftset=/rr1---sn-n8v7kn7z.googlevideo.com/4#inet#fw4#vpn_domains
nftset=/rr2---sn-n8v7kn7z.googlevideo.com/4#inet#fw4#vpn_domains
nftset=/rr3---sn-n8v7kn7z.googlevideo.com/4#inet#fw4#vpn_domains
nftset=/rr4---sn-n8v7kn7z.googlevideo.com/4#inet#fw4#vpn_domains
nftset=/rr5---sn-n8v7kn7z.googlevideo.com/4#inet#fw4#vpn_domains
nftset=/rr6---sn-n8v7kn7z.googlevideo.com/4#inet#fw4#vpn_domains
nftset=/rr7---sn-n8v7kn7z.googlevideo.com/4#inet#fw4#vpn_domains
nftset=/rr8---sn-n8v7kn7z.googlevideo.com/4#inet#fw4#vpn_domains
nftset=/rr9---sn-n8v7kn7z.googlevideo.com/4#inet#fw4#vpn_domains
nftset=/rr10---sn-n8v7kn7z.googlevideo.com/4#inet#fw4#vpn_domains
nftset=/rr11---sn-n8v7kn7z.googlevideo.com/4#inet#fw4#vpn_domains
nftset=/rr12---sn-n8v7kn7z.googlevideo.com/4#inet#fw4#vpn_domains
nftset=/rr13---sn-n8v7kn7z.googlevideo.com/4#inet#fw4#vpn_domains
nftset=/rr14---sn-n8v7kn7z.googlevideo.com/4#inet#fw4#vpn_domains
nftset=/rr15---sn-n8v7kn7z.googlevideo.com/4#inet#fw4#vpn_domains
nftset=/rr16---sn-n8v7kn7z.googlevideo.com/4#inet#fw4#vpn_domains
nftset=/rr17---sn-n8v7kn7z.googlevideo.com/4#inet#fw4#vpn_domains
nftset=/rr18---sn-n8v7kn7z.googlevideo.com/4#inet#fw4#vpn_domains
nftset=/rr1---sn-nv47znee.googlevideo.com/4#inet#fw4#vpn_domains
nftset=/rr2---sn-nv47znee.googlevideo.com/4#inet#fw4#vpn_domains
nftset=/rr3---sn-nv47znee.googlevideo.com/4#inet#fw4#vpn_domains
nftset=/rr4---sn-nv47znee.googlevideo.com/4#inet#fw4#vpn_domains
nftset=/rr5---sn-nv47znee.googlevideo.com/4#inet#fw4#vpn_domains
nftset=/rr1---sn-5goeenez.googlevideo.com/4#inet#fw4#vpn_domains
nftset=/rr2---sn-5goeenez.googlevideo.com/4#inet#fw4#vpn_domains
nftset=/rr3---sn-5goeenez.googlevideo.com/4#inet#fw4#vpn_domains
nftset=/rr4---sn-5goeenez.googlevideo.com/4#inet#fw4#vpn_domains
nftset=/rr5---sn-5goeenez.googlevideo.com/4#inet#fw4#vpn_domains
nftset=/rr5---sn-aigl6nzl.googlevideo.com/4#inet#fw4#vpn_domains
nftset=/rr5---sn-aigl6nz2.googlevideo.com/4#inet#fw4#vpn_domains
nftset=/rr5---sn-aigl6nz3.googlevideo.com/4#inet#fw4#vpn_domains
nftset=/rr5---sn-aigl6nz4.googlevideo.com/4#inet#fw4#vpn_domains
nftset=/rr5---sn-aigl6nz5.googlevideo.com/4#inet#fw4#vpn_domains
nftset=/rr1---sn-n8v7sney.googlevideo.com/4#inet#fw4#vpn_domains
nftset=/rr2---sn-n8v7sney.googlevideo.com/4#inet#fw4#vpn_domains
nftset=/rr3---sn-n8v7sney.googlevideo.com/4#inet#fw4#vpn_domains
nftset=/rr4---sn-n8v7sney.googlevideo.com/4#inet#fw4#vpn_domains
nftset=/rr5---sn-n8v7sney.googlevideo.com/4#inet#fw4#vpn_domains
nftset=/rr6---sn-n8v7sney.googlevideo.com/4#inet#fw4#vpn_domains
nftset=/rr7---sn-n8v7sney.googlevideo.com/4#inet#fw4#vpn_domains
nftset=/rr8---sn-n8v7sney.googlevideo.com/4#inet#fw4#vpn_domains
nftset=/rr9---sn-n8v7sney.googlevideo.com/4#inet#fw4#vpn_domains
nftset=/rr10---sn-n8v7sney.googlevideo.com/4#inet#fw4#vpn_domains
nftset=/rr11---sn-n8v7sney.googlevideo.com/4#inet#fw4#vpn_domains
nftset=/rr12---sn-n8v7sney.googlevideo.com/4#inet#fw4#vpn_domains
nftset=/rr13---sn-n8v7sney.googlevideo.com/4#inet#fw4#vpn_domains
nftset=/rr14---sn-n8v7sney.googlevideo.com/4#inet#fw4#vpn_domains
nftset=/rr15---sn-n8v7sney.googlevideo.com/4#inet#fw4#vpn_domains
nftset=/rr16---sn-n8v7sney.googlevideo.com/4#inet#fw4#vpn_domains
nftset=/rr17---sn-n8v7sney.googlevideo.com/4#inet#fw4#vpn_domains
nftset=/rr18---sn-n8v7sney.googlevideo.com/4#inet#fw4#vpn_domains
nftset=/rr1---sn-c0q7lnz7.googlevideo.com/4#inet#fw4#vpn_domains
nftset=/rr2---sn-c0q7lnz7.googlevideo.com/4#inet#fw4#vpn_domains
nftset=/rr3---sn-c0q7lnz7.googlevideo.com/4#inet#fw4#vpn_domains
nftset=/rr4---sn-c0q7lnz7.googlevideo.com/4#inet#fw4#vpn_domains
nftset=/rr5---sn-c0q7lnz7.googlevideo.com/4#inet#fw4#vpn_domains
nftset=/rr1---sn-hpa7zns6.googlevideo.com/4#inet#fw4#vpn_domains
nftset=/rr2---sn-hpa7zns6.googlevideo.com/4#inet#fw4#vpn_domains
nftset=/rr3---sn-hpa7zns6.googlevideo.com/4#inet#fw4#vpn_domains
nftset=/rr4---sn-hpa7zns6.googlevideo.com/4#inet#fw4#vpn_domains
nftset=/rr5---sn-hpa7zns6.googlevideo.com/4#inet#fw4#vpn_domains
nftset=/rr1---sn-hpa7kn76.googlevideo.com/4#inet#fw4#vpn_domains
nftset=/rr2---sn-hpa7kn76.googlevideo.com/4#inet#fw4#vpn_domains
nftset=/rr3---sn-hpa7kn76.googlevideo.com/4#inet#fw4#vpn_domains
nftset=/rr4---sn-hpa7kn76.googlevideo.com/4#inet#fw4#vpn_domains
nftset=/rr5---sn-hpa7kn76.googlevideo.com/4#inet#fw4#vpn_domains
nftset=/rr1---sn-p5qs7nzy.googlevideo.com/4#inet#fw4#vpn_domains
nftset=/rr2---sn-p5qs7nzy.googlevideo.com/4#inet#fw4#vpn_domains
nftset=/rr3---sn-p5qs7nzy.googlevideo.com/4#inet#fw4#vpn_domains
nftset=/rr4---sn-p5qs7nzy.googlevideo.com/4#inet#fw4#vpn_domains
nftset=/rr5---sn-p5qs7nzy.googlevideo.com/4#inet#fw4#vpn_domains
nftset=/rr1---sn-q4flrnld.googlevideo.com/4#inet#fw4#vpn_domains
nftset=/rr2---sn-q4flrnld.googlevideo.com/4#inet#fw4#vpn_domains
nftset=/rr3---sn-q4flrnld.googlevideo.com/4#inet#fw4#vpn_domains
nftset=/rr4---sn-q4flrnld.googlevideo.com/4#inet#fw4#vpn_domains
nftset=/rr5---sn-q4flrnld.googlevideo.com/4#inet#fw4#vpn_domains
